// Jest Snapshot v1, https://goo.gl/fbAQLP

exports[`<NotFound /> should render the component 1`] = `
<div
  className="get-article__loader"
>
  <ContentLoader
    height={100}
    primaryColor="#8b01be"
    secondaryColor="#ecebeb"
    speed={2}
    width={400}
  >
    <rect
      height="10"
      rx="3"
      ry="3"
      width="70"
      x="0"
      y="0"
    />
    <rect
      height="10"
      rx="3"
      ry="3"
      width="100"
      x="80"
      y="0"
    />
    <rect
      height="10"
      rx="3"
      ry="3"
      width="10"
      x="190"
      y="0"
    />
    <rect
      height="10"
      rx="3"
      ry="3"
      width="130"
      x="15"
      y="20"
    />
    <rect
      height="10"
      rx="3"
      ry="3"
      width="130"
      x="155"
      y="20"
    />
    <rect
      height="10"
      rx="3"
      ry="3"
      width="90"
      x="15"
      y="40"
    />
    <rect
      height="10"
      rx="3"
      ry="3"
      width="60"
      x="115"
      y="40"
    />
    <rect
      height="10"
      rx="3"
      ry="3"
      width="60"
      x="185"
      y="40"
    />
    <rect
      height="10"
      rx="3"
      ry="3"
      width="30"
      x="0"
      y="60"
    />
  </ContentLoader>
</div>
`;
