// Jest Snapshot v1, https://goo.gl/fbAQLP

exports[`<FacebookButton /> should render facebook button 1`] = `
<t
  authType=""
  autoLoad={false}
  callback={[MockFunction]}
  cookie={false}
  disableMobileRedirect={false}
  fields="name,email,picture"
  isMobile={false}
  language="en_US"
  onFailure={null}
  redirectUri="http://localhost/"
  render={[Function]}
  responseType="code"
  returnScopes={false}
  scope="public_profile,email"
  state="facebookdirect"
  version="2.3"
  xfbml={false}
/>
`;
