// Jest Snapshot v1, https://goo.gl/fbAQLP

exports[`<GoogleButton /> should render google button 1`] = `
<e
  accessType="online"
  autoLoad={false}
  buttonText="Sign in with Google"
  cookiePolicy="single_host_origin"
  disabledStyle={
    Object {
      "opacity": 0.6,
    }
  }
  fetchBasicProfile={true}
  icon={true}
  isSignedIn={false}
  jsSrc="https://apis.google.com/js/api.js"
  onFailure={[MockFunction]}
  onRequest={[Function]}
  onSuccess={[MockFunction]}
  prompt=""
  render={[Function]}
  scope="profile email"
  tag="button"
  theme="light"
  type="button"
  uxMode="popup"
/>
`;
