// Jest Snapshot v1, https://goo.gl/fbAQLP

exports[`<Pagination Test Suite> It should render unconnected pagination succesfully 1`] = `
<div
  className="container"
>
  <PaginationBoxView
    activeClassName="active"
    breakClassName="pagination-list"
    breakLabel="..."
    breakLinkClassName="pagination-anchor-tag"
    containerClassName="pagination justify-content-center mt-5"
    disableInitialCallback={false}
    disabledClassName="disabled"
    marginPagesDisplayed={2}
    nextClassName="next"
    nextLabel={
      <i
        className="fas fa-chevron-right"
      />
    }
    onPageChange={[Function]}
    pageClassName="pagination-list"
    pageCount={4}
    pageLinkClassName="pagination-anchor-tag"
    pageRangeDisplayed={5}
    previousClassName="previous"
    previousLabel={
      <i
        className="fas fa-chevron-left"
      />
    }
    subContainerClassName="pages pagination"
  />
</div>
`;
