// Jest Snapshot v1, https://goo.gl/fbAQLP

exports[`<ProtectedRoutes> should render without crashing 1`] = `
<Provider
  store={
    Object {
      "clearActions": [Function],
      "dispatch": [Function],
      "getActions": [Function],
      "getState": [Function],
      "replaceReducer": [Function],
      "subscribe": [Function],
    }
  }
>
  <BrowserRouter>
    <Router
      history={
        Object {
          "action": "REPLACE",
          "block": [Function],
          "createHref": [Function],
          "go": [Function],
          "goBack": [Function],
          "goForward": [Function],
          "length": 1,
          "listen": [Function],
          "location": Object {
            "hash": "",
            "key": "qb4xqv",
            "pathname": "/login",
            "search": "",
            "state": undefined,
          },
          "push": [Function],
          "replace": [Function],
        }
      }
    >
      <Connect(ProtectedContainer)
        activePage="PROFILE"
      >
        <ProtectedContainer
          activePage="PROFILE"
          dispatch={[Function]}
          isLoggedIn={false}
        >
          <Redirect
            push={false}
            to="/login"
          />
        </ProtectedContainer>
      </Connect(ProtectedContainer)>
    </Router>
  </BrowserRouter>
</Provider>
`;
