// Jest Snapshot v1, https://goo.gl/fbAQLP

exports[`<Navbar Test Suite> <Navbar> It should render succesfully 1`] = `
<div>
  <a
    className="text-danger"
    href="https://mail.google.com/mail/u/0/?view=cm&fs=1&to&su=Authors+Haven&body=http://localhost/"
    rel="noopener noreferrer"
    target="_blank"
  >
    <i
      className="fas fa-envelope"
    />
  </a>
  <a
    className="text-primary"
    href="https://www.facebook.com/sharer.php?u=http://localhost/"
    rel="noopener noreferrer"
    target="_blank"
  >
    <i
      className="fab fa-facebook-square"
    />
  </a>
  <a
    className="text-white"
    href="https://twitter.com/intent/tweet?text=http://localhost/"
    rel="noopener noreferrer"
    target="_blank"
  >
    <i
      className="fab fa-twitter-square text-info"
    />
  </a>
</div>
`;
