// Jest Snapshot v1, https://goo.gl/fbAQLP

exports[`<ProfileHeaderContainer> should render all children components 1`] = `
<Provider
  store={
    Object {
      "clearActions": [Function],
      "dispatch": [Function],
      "getActions": [Function],
      "getState": [Function],
      "replaceReducer": [Function],
      "subscribe": [Function],
    }
  }
>
  <BrowserRouter>
    <Router
      history={
        Object {
          "action": "POP",
          "block": [Function],
          "createHref": [Function],
          "go": [Function],
          "goBack": [Function],
          "goForward": [Function],
          "length": 1,
          "listen": [Function],
          "location": Object {
            "hash": "",
            "pathname": "/",
            "search": "",
            "state": undefined,
          },
          "push": [Function],
          "replace": [Function],
        }
      }
    >
      <Connect(ProfileHeaderContainer)
        activePage="PROFILE"
      >
        <ProfileHeaderContainer
          activePage="PROFILE"
          isLoading={false}
          profile={
            Object {
              "bio": "I love writing",
              "firstname": "John",
              "lastname": "Doe",
              "username": "johnny",
            }
          }
          showLoader={[Function]}
          updateProfile={[Function]}
        >
          <ProfileHeader
            activePage="PROFILE"
            handleImageUpload={[Function]}
            isLoading={false}
            profile={
              Object {
                "bio": "I love writing",
                "firstname": "John",
                "lastname": "Doe",
                "username": "johnny",
              }
            }
          >
            <header
              className="page-header"
            >
              <h1>
                My PROFILE
              </h1>
            </header>
            <div
              className="profile-box mt-n4"
            >
              <div
                className="d-inline-block relative profile-img-cover"
              >
                <span
                  className="spinner-border text-light align-middle"
                />
                <img
                  alt="johnny"
                  className="img-thumbnail"
                />
                <button
                  className="btn change-image transition"
                  onClick={[Function]}
                  type="button"
                >
                  <i
                    className="fas fa-camera"
                  />
                </button>
              </div>
              <div
                className="profile-wrapper"
              >
                <h4
                  className="profile-name text-capitalize"
                >
                  John
                   
                  Doe
                </h4>
                <p
                  className="profile-username"
                >
                  @johnny
                </p>
              </div>
              <div
                className="profile-footer"
              >
                <Link
                  className="btn false"
                  replace={false}
                  to="dashboard"
                >
                  <a
                    className="btn false"
                    href="/dashboard"
                    onClick={[Function]}
                  >
                    <span
                      className="relative"
                    >
                      Dashboard
                    </span>
                  </a>
                </Link>
                <Link
                  className="btn active"
                  replace={false}
                  to="profile"
                >
                  <a
                    className="btn active"
                    href="/profile"
                    onClick={[Function]}
                  >
                    <span
                      className="relative"
                    >
                      Edit profile
                    </span>
                  </a>
                </Link>
                <Link
                  className="btn false"
                  replace={false}
                  to="settings"
                >
                  <a
                    className="btn false"
                    href="/settings"
                    onClick={[Function]}
                  >
                    <span
                      className="relative"
                    >
                      Settings
                    </span>
                  </a>
                </Link>
              </div>
            </div>
          </ProfileHeader>
        </ProfileHeaderContainer>
      </Connect(ProfileHeaderContainer)>
    </Router>
  </BrowserRouter>
</Provider>
`;
